2018-01-16 16:26:52	2번째 로깅 문장입니다.
2018-01-16 16:28:02	2번째 로깅 문장입니다.
2018-01-16 16:28:03	2번째 로깅 문장입니다.
2018-01-16 16:28:04	2번째 로깅 문장입니다.
2018-01-16 16:28:04	2번째 로깅 문장입니다.
18-01-16 16:28:25	2번째 로깅 문장입니다.
